============================= test session starts ==============================
platform darwin -- Python 3.9.12, pytest-7.1.1, pluggy-1.0.0 -- /Users/user/opt/anaconda3/bin/python
cachedir: .pytest_cache
rootdir: /Users/user/Desktop/DU/DU_files_2024/6th Semester/COMP 4704 Systems Architecture/contemporary_systems_2024
plugins: anyio-3.5.0
collecting ... collected 9 items

test_scheduler_template.py::TestCPUScheduler::test_process_class PASSED  [ 11%]
test_scheduler_template.py::TestCPUScheduler::test_fcfs PASSED           [ 22%]
test_scheduler_template.py::TestCPUScheduler::test_sjf FAILED            [ 33%]
test_scheduler_template.py::TestCPUScheduler::test_srtf 

=================================== FAILURES ===================================
__________________________ TestCPUScheduler.test_sjf ___________________________

self = <test_scheduler_template.TestCPUScheduler object at 0x7f7a18822610>
scheduler = <scheduler.Scheduler object at 0x7f7a18822940>

    def test_sjf(self, scheduler):
        result = scheduler.sjf()
>       assert result == expected_sjf
E       AssertionError: assert [Process(1, 0...ting_time=13)] == [Process(1, 0...ting_time=13)]
E         At index 0 diff: Process(1, 0, 4, 2, completion_time=4, waiting_time=0) != Process(1, 0, 4, 2, completion_time=4, waiting_time=0)
E         Full diff:
E           [
E            Process(1, 0, 4, 2, completion_time=4, waiting_time=0),
E            Process(3, 4, 4, 3, completion_time=8, waiting_time=0),
E            Process(4, 6, 5, 2, completion_time=13, waiting_time=2),
E            Process(5, 10, 2, 1, completion_time=15, waiting_time=3),...
E         
E         ...Full output truncated (3 lines hidden), use '-vv' to show

test_scheduler_template.py:85: AssertionError
=========================== short test summary info ============================
FAILED test_scheduler_template.py::TestCPUScheduler::test_sjf - AssertionErro...
!!!!!!!!!!!!!!!!!!!!!!!!!!!!!! KeyboardInterrupt !!!!!!!!!!!!!!!!!!!!!!!!!!!!!!!
/Users/user/Desktop/DU/DU_files_2024/6th Semester/COMP 4704 Systems Architecture/contemporary_systems_2024/scheduler.py:82: KeyboardInterrupt
(to show a full traceback on KeyboardInterrupt use --full-trace)
==================== 1 failed, 2 passed in 66.03s (0:01:06) ====================
